export const snapshot = {};

snapshot[`transform-ts-tokens 1`] = `
"export const sizeX1 = 'var(--size-x-1)'
export const sizeX2 = 'var(--size-x-2)'
export const sizeX3 = 'var(--size-x-3)'
export const sizeS3 = 'var(--size-s-3)'
export const backgroundColorPurpleX1 = 'var(--background-color-purple-x-1)'
export const backgroundColorPurpleX2 = 'var(--background-color-purple-x-2)'
export const backgroundColorPurpleX3 = 'var(--background-color-purple-x-3)'
export const borderRadiusX1 = 'var(--border-radius-x-1)'
export const borderRadiusX2 = 'var(--border-radius-x-2)'
export const borderRadiusX3 = 'var(--border-radius-x-3)'
export const fontSizeX1 = 'var(--font-size-x-1)'
export const fontFamilySansSerif = 'var(--font-family-sans-serif)'
export const fontWeightX1 = 'var(--font-weight-x-1)'
export const letterSpacingX1 = 'var(--letter-spacing-x-1)'
export const lineHeightX1 = 'var(--line-height-x-1)'
export const typographyX1 = {
  fontFamily: fontFamilySansSerif,
  fontSize: fontSizeX1,
  fontWeight: fontWeightX1,
  letterSpacing: letterSpacingX1,
  lineHeight: lineHeightX1,
}
export const actionPrimaryRestBorderRadius = borderRadiusX1
export const actionPrimaryRestBackgroundColor = backgroundColorPurpleX2
export const actionPrimaryRestTypography = typographyX1
"
`;
