export const snapshot = {};

snapshot[`CSS tokens > transform 1`] = `
'[data-media="static"]:root {
    --size-x-1: 0.1rem;
    --size-x-2: 0.3rem;
    --size-x-3: 0.6rem;
}

[data-media="mobile"]:root {
    --size-x-1: 0.1rem;
    --size-x-2: 0.4rem;
    --size-x-3: 0.8rem;
}

[data-media="desktop"]:root {
    --size-x-1: 0.1rem;
    --size-x-2: 0.3rem;
    --size-x-3: 0.6rem;
}

[data-media="tv"]:root {
    --size-x-1: 0.2rem;
    --size-x-2: 0.4rem;
    --size-x-3: 0.7rem;
}

:root {
    --size-s-3: 0.6rem;
    --background-color-purple-x-1: #4c00b0;
    --background-color-purple-x-2: #7600bc;
    --background-color-purple-x-3: #8a00c2;
    --border-radius-x-1: 0.15rem;
    --border-radius-x-2: 0.25rem;
    --border-radius-x-3: 0.35rem;
    --font-size-x-1: 0.7rem;
    --font-family-sans-serif: Roboto,sans-serif;
    --font-weight-x-1: 700;
    --letter-spacing-x-1: normal;
    --line-height-x-1: 1;
}'
`;
