// Bun Snapshot v1, https://bun.sh/docs/test/snapshots

exports[`createRootStyles: supports simple properties 1`] = `
[
  ":root{--primary:#007bff;}",
  ":root{--font-size:16px;}",
]
`;

exports[`createRootStyles: supports numeric values 1`] = `
[
  ":root{--spacing:8;}",
]
`;

exports[`createRootStyles: supports nested media queries 1`] = `
[
  ":root{--font-size:16px;}",
  ":root{@media (min-width: 768px){--font-size:18px;}}",
  ":root{@media (min-width: 1200px){--font-size:20px;}}",
]
`;

exports[`createRootStyles: supports design token references 1`] = `
[
  ":root{--colors-primary:#007bff;}",
  ":root{--brand-color:var(--colors-primary);}",
]
`;
