// Bun Snapshot v1, https://goo.gl/fbAQLP

exports[`createTemplate: self closing - html 1`] = `"<input type="text">"`;

exports[`createTemplate: self closing - svg 1`] = `"<polygon points="0,100 50,25 50,75 100,0"></polygon>"`;

exports[`createTemplate: falsey - undefined 1`] = `"<div></div>"`;

exports[`createTemplate: falsey - null 1`] = `"<div></div>"`;

exports[`createTemplate: falsey - false 1`] = `"<div></div>"`;

exports[`createTemplate: falsey - "" 1`] = `"<div></div>"`;

exports[`createTemplate: falsey - 0 1`] = `"<div></div>"`;

exports[`createTemplate: falsey - NaN 1`] = `"<div></div>"`;

exports[`createTemplate: conditional 1`] = `"<div>hello</div>"`;

exports[`createTemplate: style attribute 1`] = `"<div style="background-color: blue; margin: 12px;">styles</div>"`;

exports[`createTemplate: data-trigger attribute 1`] = `"<div data-trigger="click->random focus->thing">triggers</div>"`;

exports[`createTemplate: camelCase attributes 1`] = `
"<div data-trigger="click->click" data-address="address" data-mode="mode"
x-prefix="x"></div>"
`;

exports[`createTemplate: array of templates 1`] = `
"<div>
    <li>0</li>
    <li>1</li>
    <li>2</li>
    <li>3</li>
    <li>4</li>
    <li>5</li>
    <li>6</li>
    <li>7</li>
    <li>8</li>
    <li>9</li>
</div>"
`;

exports[`createTemplate: should not throw on script tag with trusted attribute 1`] = `"<script type="module" src="main.js"></script>"`;

exports[`createTemplate: escapes children 1`] = `
"<div>
    <script type="text/javascript">
        const hostRegex = /^https?://([^/]+)/.*$/i;
        const host = document.URL.replace(hostRegex, '$1');
        const socket = new WebSocket(/);
        const reload = () =>{
          location.reload();
          console.log('...reloading');
        };
        socket.addEventListener('message', reload);
        console.log('[plaited] listening for file changes');
    </script>
</div>"
`;

exports[`createTemplate: does not escape children when trusted 1`] = `
"<div>
    <script type="text/javascript">
        const hostRegex = /^https?://([^/]+)/.*$/i;
        const host = document.URL.replace(hostRegex, '$1');
        const socket = new WebSocket(/);
        const reload = () =>{
          location.reload();
          console.log('...reloading');
        };
        socket.addEventListener('message', reload);
        console.log('[plaited] listening for file changes');
    </script>
</div>"
`;

exports[`createTemplate: with slotted templates 1`] = `
"<c-el>
    <li slot="slot">slot-0</li>
    <li slot="slot">slot-1</li>
    <li slot="slot">slot-2</li>
    <li slot="slot">slot-3</li>
    <li slot="slot">slot-4</li>
    <li slot="slot">slot-5</li>
    <li slot="slot">slot-6</li>
    <li slot="slot">slot-7</li>
    <li slot="slot">slot-8</li>
    <li slot="slot">slot-9</li>
</c-el>"
`;

exports[`createTemplate: Fragment of templates 1`] = `
"<li>item-0</li>
<li>item-1</li>
<li>item-2</li>
<li>item-3</li>
<li>item-4</li>
<li>item-5</li>
<li>item-6</li>
<li>item-7</li>
<li>item-8</li>
<li>item-9</li>"
`;

exports[`createTemplate: custom element with child hoisting its styles 1`] = `"<nested-component></nested-component>"`;

exports[`createTemplate: custom element with child and host styles 1`] = `"<nested-component></nested-component>"`;

exports[`createTemplate: custom element with styled slotted component 1`] = `
"<nested-component>
    <p class="slotted-paragraph_LTc5ND" slot="nested">slotted paragraph</p>
</nested-component>"
`;

exports[`createTemplate: custom element with styles nested in custom element 1`] = `"<top-component></top-component>"`;

exports[`createTemplate: custom element with styles nested in custom element with styles 1`] = `"<top-component></top-component>"`;

exports[`createTemplate: custom element with nested custom element and styled slotted element 1`] = `
"<top-component>
    <img class="image_Mjc4MD">
</top-component>"
`;

exports[`createTemplate: properly hoist and deduplicates multiple stylesheets on a single node 1`] = `"<div></div>"`;

exports[`createTemplate: trims whitespace 1`] = `"<div>trims white-space</div>"`;
