// Bun Snapshot v1, https://goo.gl/fbAQLP

exports[`ssr: renders createTemplate 1`] = `"<div style="background-color: blue; margin: 12px;">styles</div>"`;

exports[`ssr: renders Fragment 1`] = `"<li>item-0</li><li>item-1</li><li>item-2</li><li>item-3</li><li>item-4</li><li>item-5</li><li>item-6</li><li>item-7</li><li>item-8</li><li>item-9</li>"`;

exports[`ssr: renders styles before markup when no body or head tag 1`] = `"<style>.nested-label_LTU0Mz { font-weight: bold; }.slotted-paragraph_LTc5ND { color: rebeccapurple; }.image_Mjc4MD { width: 100%; aspect-ratio: 16 / 9; }</style><top-component><img class="image_Mjc4MD"><template shadowrootmode="open" shadowrootdelegatesfocus="true" /><style>:host { display: block; }</style><nested-component><p class="slotted-paragraph_LTc5ND" slot="nested">slotted paragraph</p><template shadowrootmode="open" shadowrootdelegatesfocus="true" /><span class="nested-label_LTU0Mz">inside nested template</span><slot name="nested"></slot></template></nested-component></template></top-component>"`;

exports[`ssr: renders styles in body when present 1`] = `"<body><style>.nested-label_LTU0Mz { font-weight: bold; }.slotted-paragraph_LTc5ND { color: rebeccapurple; }.image_Mjc4MD { width: 100%; aspect-ratio: 16 / 9; }</style><top-component><img class="image_Mjc4MD"></top-component></body>"`;

exports[`ssr: renders styles in head when present 1`] = `"<html><head><style>.nested-label_LTU0Mz { font-weight: bold; }.slotted-paragraph_LTc5ND { color: rebeccapurple; }.image_Mjc4MD { width: 100%; aspect-ratio: 16 / 9; }</style></head><body><top-component><img class="image_Mjc4MD"></top-component></body></html>"`;
