export const snapshot = {};

snapshot[`css() 1`] = `
{
  styles: {
    button: "button-0-1-1",
  },
  stylesheet: ".button-0-1-1 {
  background-color: var(--background-color);
}
.button-0-1-1:disabled {
  background-color: var(--background-color-disabled);
}",
}
`;

snapshot[`css() 2`] = `
{
  styles: {
    button: "button-0-2-1",
  },
  stylesheet: ".button-0-2-1 {
  color: var(--color);
}
.button-0-2-1:focus {
  color: var(--color-focus);
}",
}
`;
