// Bun Snapshot v1, https://bun.sh/docs/test/snapshots

exports[`joinStyles: combines element styles with host styles 1`] = `
{
  "classNames": [
    "button",
    "cls_a92k2iz",
    "cls_2bgwf8r",
    "cls_1f3us5c",
    "cls_qquuq2",
    "cls_3tddgv",
    "cls_2btfwn5",
    "cls_7h6qxd",
    "small",
    "cls_25tgi78",
    "cls_3z2f3y7",
  ],
  "stylesheets": [
    ".cls_a92k2iz{font-family:Nunito Sans, Helvetica Neue, Helvetica, Arial, sans-serif;}",
    ".cls_2bgwf8r{font-weight:700;}",
    ".cls_1f3us5c{border:0;}",
    ".cls_qquuq2{border-radius:3em;}",
    ".cls_3tddgv{cursor:pointer;}",
    ".cls_2btfwn5{display:inline-block;}",
    ".cls_7h6qxd{line-height:1;}",
    ".cls_25tgi78{font-size:12px;}",
    ".cls_3z2f3y7{padding:10px 16px;}",
    ":host{color:red;}",
  ],
}
`;

exports[`joinStyles: combines styles with design token references 1`] = `
{
  "classNames": [
    "container",
    "cls_3ybe8ds",
    "cls_1eddm3b",
    "large",
    "cls_3iwzlpi",
    "cls_1l9nkm1",
  ],
  "stylesheets": [
    ":root{--spacing-medium:16px;}",
    ":root{--typography-body:1rem;}",
    ".cls_3ybe8ds{padding:var(--spacing-medium);}",
    ".cls_1eddm3b{font-size:var(--typography-body);}",
    ":root{--spacing-large:24px;}",
    ":root{--typography-heading:2rem;}",
    ".cls_3iwzlpi{padding:var(--spacing-large);}",
    ".cls_1l9nkm1{font-size:var(--typography-heading);}",
    ":root{--spacing-small:8px;}",
    ":host{margin:var(--spacing-small);}",
  ],
}
`;
