// Bun Snapshot v1, https://bun.sh/docs/test/snapshots

exports[`createKeyframes: generates named keyframes with unique id 1`] = `
{
  "stylesheets": [
    "@keyframes pulse_10z9dla{0%{transform:scale(1);}50%{transform:scale(1.1);}100%{transform:scale(1);}}",
  ],
}
`;

exports[`createKeyframes: works with design token references 1`] = `
{
  "stylesheets": [
    ":root{--animations-rotate:rotate(360deg);}",
    "@keyframes spin_i81i8lh{0%{transform:rotate(0deg);}100%{transform:var(--animations-rotate);}}",
  ],
}
`;

exports[`createKeyframes: works with design token references 2`] = `
{
  "stylesheets": [
    ":root{--animations-scale:scale(1.2);}",
    "@keyframes pulse_3iu93ln{0%{transform:scale(1);}50%{transform:var(--animations-scale);}100%{transform:scale(1);}}",
  ],
}
`;
