// Bun Snapshot v1, https://bun.sh/docs/test/snapshots

exports[`h: Self closing - html 1`] = `"<input type="text" />"`;

exports[`h: Self closing - svg 1`] = `"<polygon points="0,100 50,25 50,75 100,0" />"`;

exports[`h: Falsey - undefined 1`] = `"<div></div>"`;

exports[`h: Falsey - null 1`] = `"<div></div>"`;

exports[`h: Falsey - false 1`] = `"<div></div>"`;

exports[`h: Not really Falsey - "" 1`] = `"<div></div>"`;

exports[`h: Not really Falsey - 0 1`] = `"<div>0</div>"`;

exports[`h: Not really Falsey - NaN 1`] = `"<div>NaN</div>"`;

exports[`h: Bad template - NaN 1`] = `"<div></div>"`;

exports[`h: Conditional 1`] = `"<div>hello</div>"`;

exports[`h: Style attribute 1`] = `"<div style="background-color:blue; margin:12px; --cssVar:red;">styles</div>"`;

exports[`h: p-trigger attribute 1`] = `"<div p-trigger="click:random focus:thing">triggers</div>"`;

exports[`h: Array of templates 1`] = `
"<ul>
    <li>0</li>
    <li>1</li>
    <li>2</li>
    <li>3</li>
    <li>4</li>
    <li>5</li>
    <li>6</li>
    <li>7</li>
    <li>8</li>
    <li>9</li>
</ul>"
`;

exports[`h: renders external bootstrap script tags 1`] = `"<script type="module" src="/dist/main.js?v=1#entry"></script>"`;

exports[`h: Escapes children 1`] = `
"<div>&lt;script type=&quot;text/javascript&quot;&gt; const hostRegex = /^https?://([^/]+)/.*$/i;
    const host = document.URL.replace(hostRegex, &#39;$1&#39;); const socket
    = new WebSocket(/); const reload = () =&gt;{ location.reload(); console.log(&#39;...reloading&#39;);
    }; socket.addEventListener(&#39;message&#39;, reload); console.log(&#39;[onbraid]
    listening for file changes&#39;); &lt;/script&gt;</div>"
`;

exports[`fragment 1`] = `
"<li>In 5</li>
<li>In 4</li>
<li>In 3</li>
<li>In 2</li>
<li>In 1</li>
<li>Blast Off!!!</li>"
`;

exports[`h: Trims whitespace 1`] = `"<div>trims white-space</div>"`;
