// Bun Snapshot v1, https://bun.sh/docs/test/snapshots

exports[`createTokens: simple token with $value 1`] = `
[
  ":root{--theme-primary-color:#007bff;}",
]
`;

exports[`createTokens: simple token with $value 2`] = `
[
  ":root{--theme-font-size:16px;}",
]
`;

exports[`createTokens: token with array values 1`] = `
[
  ":root{--typography-margin:10px 20px 30px 40px;}",
]
`;

exports[`createTokens: token with array values 2`] = `
[
  ":root{--typography-font-family:"Helvetica Neue",Arial,sans-serif;}",
]
`;

exports[`createTokens: function token values 1`] = `
[
  ":root{--effects-shadow:drop-shadow(2px 4px 6px rgba(0,0,0,0.1));}",
]
`;

exports[`createTokens: function token values 2`] = `
[
  ":root{--effects-gradient:linear-gradient(45deg,#ff0000,#00ff00);}",
]
`;

exports[`createTokens: nested scales for size tokens 1`] = `
[
  ":root{--sizes-icon-sm:16px;}",
]
`;

exports[`createTokens: nested scales for size tokens 2`] = `
[
  ":root{--sizes-button-lg:48px;}",
]
`;

exports[`createTokens: nested scales for color palette 1`] = `
[
  ":root{--gray-50:#fafafa;}",
]
`;

exports[`createTokens: token references 1`] = `
[
  ":root{--base-primary:#007bff;}",
  ":root{--derived-button-bg:var(--base-primary);}",
]
`;

exports[`createTokens: array of function values 1`] = `
[
  ":root{--transform-animation:translateX(10px) rotate(45deg) scale(1.2,1.2);}",
]
`;

exports[`createTokens: integration with createStyles 1`] = `
{
  "classNames": [
    "button",
    "cls_3p4lpue",
    "cls_17ys344",
    "cls_17bpvqq",
  ],
  "stylesheets": [
    ":root{--theme-primary:#007bff;}",
    ":root{--theme-font-size:16px;}",
    ".cls_3p4lpue{background-color:var(--theme-primary);}",
    ".cls_17ys344{font-size:var(--theme-font-size);}",
    ".cls_17bpvqq{color:white;}",
  ],
}
`;

exports[`createTokens: integration with createHostStyles 1`] = `
{
  "stylesheets": [
    ":root{--colors-text:#333;}",
    ":host{color:var(--colors-text);}",
    ":root{--colors-background:#fff;}",
    ":host{background-color:var(--colors-background);}",
    ":host{padding:20px;}",
  ],
}
`;

exports[`createTokens: multiple token groups combined 1`] = `
{
  "classNames": [
    "grid",
    "cls_4k3jpah",
    "cls_hfvdep",
    "cls_wrjoa3",
  ],
  "stylesheets": [
    ":root{--layout-max-width:1200px;}",
    ":root{--layout-gap:20px;}",
    ":root{--motion-duration:300ms;}",
    ":root{--motion-easing:cubic-bezier(0.4, 0, 0.2, 1);}",
    ":root{--transition-example:all var(--motion-duration) var(--motion-easing);}",
    ".cls_4k3jpah{max-width:var(--layout-max-width);}",
    ".cls_hfvdep{gap:var(--layout-gap);}",
    ".cls_wrjoa3{transition:var(--transition-example);}",
  ],
}
`;

exports[`createTokens: used as CSS values in styles 1`] = `
{
  "classNames": [
    "container",
    "cls_151xo9w",
    "cls_1ex0cyv",
  ],
  "stylesheets": [
    ":root{--sizes-container-width:1200px;}",
    ".cls_151xo9w{max-width:var(--sizes-container-width);}",
    ".cls_1ex0cyv{margin:0 auto;}",
  ],
}
`;

exports[`createTokens: used as CSS values in styles 2`] = `
{
  "classNames": [
    "header",
    "cls_20ho9iv",
    "cls_3vloqq",
    "cls_5mw5ij",
  ],
  "stylesheets": [
    ":root{--sizes-header-height:64px;}",
    ".cls_20ho9iv{height:var(--sizes-header-height);}",
    ".cls_3vloqq{position:sticky;}",
    ".cls_5mw5ij{top:0;}",
  ],
}
`;

exports[`createTokens: used as CSS values in styles 3`] = `
{
  "classNames": [
    "sidebar",
    "cls_16fzoeg",
    "cls_3bs89jn",
  ],
  "stylesheets": [
    ":root{--sizes-sidebar-width:250px;}",
    ".cls_16fzoeg{width:var(--sizes-sidebar-width);}",
    ".cls_3bs89jn{flex-shrink:0;}",
  ],
}
`;
