export const snapshot = {};

snapshot[`bProgram: priority queue 1`] = `
[
  {
    data: {
      detail: {
        value: "start",
      },
      event: "start",
    },
    type: "trigger",
  },
  {
    data: {
      bThreads: [
        {
          name: "addHot",
          priority: 1,
          waitFor: [
            {
              cb: [Function: cb],
            },
            {
              event: "say_cold",
            },
          ],
        },
        {
          name: "addCold",
          priority: 2,
          waitFor: [
            {
              event: "start",
            },
          ],
        },
        {
          block: [
            {
              event: "cold",
            },
          ],
          name: "mixHotCold",
          priority: 3,
          waitFor: [
            {
              event: "hot",
            },
          ],
        },
        {
          name: "start",
          priority: 0,
          request: [
            {
              detail: {
                value: "start",
              },
              event: "start",
            },
          ],
          waitFor: [
            {
              cb: [Function: cb],
              event: "",
            },
          ],
        },
      ],
      selectedEvent: {
        detail: {
          value: "start",
        },
        event: "start",
        priority: 0,
      },
    },
    type: "state-snapshot",
  },
  {
    data: {
      bThreads: [
        {
          block: [
            {
              event: "cold",
            },
          ],
          name: "mixHotCold",
          priority: 3,
          waitFor: [
            {
              event: "hot",
            },
          ],
        },
        {
          name: "addHot",
          priority: 1,
          request: [
            {
              event: "hot",
            },
          ],
        },
        {
          name: "addCold",
          priority: 2,
          request: [
            {
              event: "cold",
            },
          ],
        },
      ],
      selectedEvent: {
        event: "hot",
        priority: 1,
      },
    },
    type: "state-snapshot",
  },
  {
    data: {
      bThreads: [
        {
          name: "addCold",
          priority: 2,
          request: [
            {
              event: "cold",
            },
          ],
        },
        {
          block: [
            {
              event: "hot",
            },
          ],
          name: "mixHotCold",
          priority: 3,
          waitFor: [
            {
              event: "cold",
            },
          ],
        },
        {
          name: "addHot",
          priority: 1,
          request: [
            {
              event: "hot",
            },
          ],
        },
      ],
      selectedEvent: {
        event: "cold",
        priority: 2,
      },
    },
    type: "state-snapshot",
  },
  {
    data: {
      bThreads: [
        {
          name: "addHot",
          priority: 1,
          request: [
            {
              event: "hot",
            },
          ],
        },
        {
          name: "addCold",
          priority: 2,
          request: [
            {
              event: "cold",
            },
          ],
        },
        {
          block: [
            {
              event: "cold",
            },
          ],
          name: "mixHotCold",
          priority: 3,
          waitFor: [
            {
              event: "hot",
            },
          ],
        },
      ],
      selectedEvent: {
        event: "hot",
        priority: 1,
      },
    },
    type: "state-snapshot",
  },
  {
    data: {
      bThreads: [
        {
          name: "addCold",
          priority: 2,
          request: [
            {
              event: "cold",
            },
          ],
        },
        {
          name: "addHot",
          priority: 1,
          request: [
            {
              event: "hot",
            },
          ],
        },
        {
          block: [
            {
              event: "hot",
            },
          ],
          name: "mixHotCold",
          priority: 3,
          waitFor: [
            {
              event: "cold",
            },
          ],
        },
      ],
      selectedEvent: {
        event: "cold",
        priority: 2,
      },
    },
    type: "state-snapshot",
  },
  {
    data: {
      bThreads: [
        {
          name: "addHot",
          priority: 1,
          request: [
            {
              event: "hot",
            },
          ],
        },
        {
          name: "addCold",
          priority: 2,
          request: [
            {
              event: "cold",
            },
          ],
        },
        {
          block: [
            {
              event: "cold",
            },
          ],
          name: "mixHotCold",
          priority: 3,
          waitFor: [
            {
              event: "hot",
            },
          ],
        },
      ],
      selectedEvent: {
        event: "hot",
        priority: 1,
      },
    },
    type: "state-snapshot",
  },
  {
    data: {
      bThreads: [
        {
          name: "addCold",
          priority: 2,
          request: [
            {
              event: "cold",
            },
          ],
        },
        {
          block: [
            {
              event: "hot",
            },
          ],
          name: "mixHotCold",
          priority: 3,
          waitFor: [
            {
              event: "cold",
            },
          ],
        },
      ],
      selectedEvent: {
        event: "cold",
        priority: 2,
      },
    },
    type: "state-snapshot",
  },
  {
    data: {
      strategy: "priority",
    },
    type: "end",
  },
]
`;

snapshot[`bProgram: randomized priority queue 1`] = `
[
  {
    data: {
      detail: {
        value: "start",
      },
      event: "start",
    },
    type: "trigger",
  },
  {
    data: {
      bThreads: [
        {
          name: "addHot",
          priority: 1,
          waitFor: [
            {
              cb: [Function: cb],
            },
            {
              event: "say_cold",
            },
          ],
        },
        {
          name: "addCold",
          priority: 2,
          waitFor: [
            {
              event: "start",
            },
          ],
        },
        {
          block: [
            {
              event: "cold",
            },
          ],
          name: "mixHotCold",
          priority: 3,
          waitFor: [
            {
              event: "hot",
            },
          ],
        },
        {
          name: "start",
          priority: 0,
          request: [
            {
              detail: {
                value: "start",
              },
              event: "start",
            },
          ],
          waitFor: [
            {
              cb: [Function: cb],
              event: "",
            },
          ],
        },
      ],
      selectedEvent: {
        detail: {
          value: "start",
        },
        event: "start",
        priority: 0,
      },
    },
    type: "state-snapshot",
  },
  {
    data: {
      bThreads: [
        {
          block: [
            {
              event: "cold",
            },
          ],
          name: "mixHotCold",
          priority: 3,
          waitFor: [
            {
              event: "hot",
            },
          ],
        },
        {
          name: "addHot",
          priority: 1,
          request: [
            {
              event: "hot",
            },
          ],
        },
        {
          name: "addCold",
          priority: 2,
          request: [
            {
              event: "cold",
            },
          ],
        },
      ],
      selectedEvent: {
        event: "hot",
        priority: 1,
      },
    },
    type: "state-snapshot",
  },
  {
    data: {
      bThreads: [
        {
          name: "addCold",
          priority: 2,
          request: [
            {
              event: "cold",
            },
          ],
        },
        {
          block: [
            {
              event: "hot",
            },
          ],
          name: "mixHotCold",
          priority: 3,
          waitFor: [
            {
              event: "cold",
            },
          ],
        },
        {
          name: "addHot",
          priority: 1,
          request: [
            {
              event: "hot",
            },
          ],
        },
      ],
      selectedEvent: {
        event: "cold",
        priority: 2,
      },
    },
    type: "state-snapshot",
  },
  {
    data: {
      bThreads: [
        {
          name: "addHot",
          priority: 1,
          request: [
            {
              event: "hot",
            },
          ],
        },
        {
          name: "addCold",
          priority: 2,
          request: [
            {
              event: "cold",
            },
          ],
        },
        {
          block: [
            {
              event: "cold",
            },
          ],
          name: "mixHotCold",
          priority: 3,
          waitFor: [
            {
              event: "hot",
            },
          ],
        },
      ],
      selectedEvent: {
        event: "hot",
        priority: 1,
      },
    },
    type: "state-snapshot",
  },
  {
    data: {
      bThreads: [
        {
          name: "addCold",
          priority: 2,
          request: [
            {
              event: "cold",
            },
          ],
        },
        {
          name: "addHot",
          priority: 1,
          request: [
            {
              event: "hot",
            },
          ],
        },
        {
          block: [
            {
              event: "hot",
            },
          ],
          name: "mixHotCold",
          priority: 3,
          waitFor: [
            {
              event: "cold",
            },
          ],
        },
      ],
      selectedEvent: {
        event: "cold",
        priority: 2,
      },
    },
    type: "state-snapshot",
  },
  {
    data: {
      bThreads: [
        {
          name: "addHot",
          priority: 1,
          request: [
            {
              event: "hot",
            },
          ],
        },
        {
          name: "addCold",
          priority: 2,
          request: [
            {
              event: "cold",
            },
          ],
        },
        {
          block: [
            {
              event: "cold",
            },
          ],
          name: "mixHotCold",
          priority: 3,
          waitFor: [
            {
              event: "hot",
            },
          ],
        },
      ],
      selectedEvent: {
        event: "hot",
        priority: 1,
      },
    },
    type: "state-snapshot",
  },
  {
    data: {
      bThreads: [
        {
          name: "addCold",
          priority: 2,
          request: [
            {
              event: "cold",
            },
          ],
        },
        {
          block: [
            {
              event: "hot",
            },
          ],
          name: "mixHotCold",
          priority: 3,
          waitFor: [
            {
              event: "cold",
            },
          ],
        },
      ],
      selectedEvent: {
        event: "cold",
        priority: 2,
      },
    },
    type: "state-snapshot",
  },
  {
    data: {
      strategy: "randomized",
    },
    type: "end",
  },
]
`;

snapshot[`bProgram: chaos selection 1`] = `
[
  {
    data: {
      detail: {
        value: "start",
      },
      event: "start",
    },
    type: "trigger",
  },
  {
    data: {
      bThreads: [
        {
          name: "addHot",
          priority: 1,
          waitFor: [
            {
              cb: [Function: cb],
            },
            {
              event: "say_cold",
            },
          ],
        },
        {
          name: "addCold",
          priority: 2,
          waitFor: [
            {
              event: "start",
            },
          ],
        },
        {
          block: [
            {
              event: "cold",
            },
          ],
          name: "mixHotCold",
          priority: 3,
          waitFor: [
            {
              event: "hot",
            },
          ],
        },
        {
          name: "start",
          priority: 0,
          request: [
            {
              detail: {
                value: "start",
              },
              event: "start",
            },
          ],
          waitFor: [
            {
              cb: [Function: cb],
              event: "",
            },
          ],
        },
      ],
      selectedEvent: {
        detail: {
          value: "start",
        },
        event: "start",
        priority: 0,
      },
    },
    type: "state-snapshot",
  },
  {
    data: {
      bThreads: [
        {
          block: [
            {
              event: "cold",
            },
          ],
          name: "mixHotCold",
          priority: 3,
          waitFor: [
            {
              event: "hot",
            },
          ],
        },
        {
          name: "addHot",
          priority: 1,
          request: [
            {
              event: "hot",
            },
          ],
        },
        {
          name: "addCold",
          priority: 2,
          request: [
            {
              event: "cold",
            },
          ],
        },
      ],
      selectedEvent: {
        event: "hot",
        priority: 1,
      },
    },
    type: "state-snapshot",
  },
  {
    data: {
      bThreads: [
        {
          name: "addCold",
          priority: 2,
          request: [
            {
              event: "cold",
            },
          ],
        },
        {
          block: [
            {
              event: "hot",
            },
          ],
          name: "mixHotCold",
          priority: 3,
          waitFor: [
            {
              event: "cold",
            },
          ],
        },
        {
          name: "addHot",
          priority: 1,
          request: [
            {
              event: "hot",
            },
          ],
        },
      ],
      selectedEvent: {
        event: "cold",
        priority: 2,
      },
    },
    type: "state-snapshot",
  },
  {
    data: {
      bThreads: [
        {
          name: "addHot",
          priority: 1,
          request: [
            {
              event: "hot",
            },
          ],
        },
        {
          name: "addCold",
          priority: 2,
          request: [
            {
              event: "cold",
            },
          ],
        },
        {
          block: [
            {
              event: "cold",
            },
          ],
          name: "mixHotCold",
          priority: 3,
          waitFor: [
            {
              event: "hot",
            },
          ],
        },
      ],
      selectedEvent: {
        event: "hot",
        priority: 1,
      },
    },
    type: "state-snapshot",
  },
  {
    data: {
      bThreads: [
        {
          name: "addCold",
          priority: 2,
          request: [
            {
              event: "cold",
            },
          ],
        },
        {
          name: "addHot",
          priority: 1,
          request: [
            {
              event: "hot",
            },
          ],
        },
        {
          block: [
            {
              event: "hot",
            },
          ],
          name: "mixHotCold",
          priority: 3,
          waitFor: [
            {
              event: "cold",
            },
          ],
        },
      ],
      selectedEvent: {
        event: "cold",
        priority: 2,
      },
    },
    type: "state-snapshot",
  },
  {
    data: {
      bThreads: [
        {
          name: "addHot",
          priority: 1,
          request: [
            {
              event: "hot",
            },
          ],
        },
        {
          name: "addCold",
          priority: 2,
          request: [
            {
              event: "cold",
            },
          ],
        },
        {
          block: [
            {
              event: "cold",
            },
          ],
          name: "mixHotCold",
          priority: 3,
          waitFor: [
            {
              event: "hot",
            },
          ],
        },
      ],
      selectedEvent: {
        event: "hot",
        priority: 1,
      },
    },
    type: "state-snapshot",
  },
  {
    data: {
      bThreads: [
        {
          name: "addCold",
          priority: 2,
          request: [
            {
              event: "cold",
            },
          ],
        },
        {
          block: [
            {
              event: "hot",
            },
          ],
          name: "mixHotCold",
          priority: 3,
          waitFor: [
            {
              event: "cold",
            },
          ],
        },
      ],
      selectedEvent: {
        event: "cold",
        priority: 2,
      },
    },
    type: "state-snapshot",
  },
  {
    data: {
      strategy: "chaos",
    },
    type: "end",
  },
]
`;
