export const snapshot = {};

snapshot[`bProgram: priority queue 1`] = `
[
  {
    detail: {
      data: "start",
      type: "start",
    },
    type: "trigger-event",
  },
  {
    detail: {
      bThread: [
        {
          name: "addHot",
          priority: 1,
        },
        {
          name: "addCold",
          priority: 2,
        },
        {
          name: "mixHotCold",
          priority: 3,
        },
        {
          name: "start",
          priority: 0,
        },
      ],
      blockedEvents: [
        "cold",
      ],
      requestedEvents: [
        {
          data: "start",
          priority: 0,
          type: "start",
        },
      ],
    },
    type: "state-snapshot",
  },
  {
    detail: {
      data: "start",
      type: "start",
    },
    type: "selected-event",
  },
  {
    detail: {
      bThread: [
        {
          name: "mixHotCold",
          priority: 3,
        },
        {
          name: "addHot",
          priority: 1,
        },
        {
          name: "addCold",
          priority: 2,
        },
      ],
      blockedEvents: [
        "cold",
      ],
      requestedEvents: [
        {
          priority: 1,
          type: "hot",
        },
        {
          priority: 2,
          type: "cold",
        },
      ],
    },
    type: "state-snapshot",
  },
  {
    detail: {
      type: "hot",
    },
    type: "selected-event",
  },
  {
    detail: {
      bThread: [
        {
          name: "addCold",
          priority: 2,
        },
        {
          name: "mixHotCold",
          priority: 3,
        },
        {
          name: "addHot",
          priority: 1,
        },
      ],
      blockedEvents: [
        "hot",
      ],
      requestedEvents: [
        {
          priority: 2,
          type: "cold",
        },
        {
          priority: 1,
          type: "hot",
        },
      ],
    },
    type: "state-snapshot",
  },
  {
    detail: {
      type: "cold",
    },
    type: "selected-event",
  },
  {
    detail: {
      bThread: [
        {
          name: "addHot",
          priority: 1,
        },
        {
          name: "addCold",
          priority: 2,
        },
        {
          name: "mixHotCold",
          priority: 3,
        },
      ],
      blockedEvents: [
        "cold",
      ],
      requestedEvents: [
        {
          priority: 1,
          type: "hot",
        },
        {
          priority: 2,
          type: "cold",
        },
      ],
    },
    type: "state-snapshot",
  },
  {
    detail: {
      type: "hot",
    },
    type: "selected-event",
  },
  {
    detail: {
      bThread: [
        {
          name: "addCold",
          priority: 2,
        },
        {
          name: "addHot",
          priority: 1,
        },
        {
          name: "mixHotCold",
          priority: 3,
        },
      ],
      blockedEvents: [
        "hot",
      ],
      requestedEvents: [
        {
          priority: 2,
          type: "cold",
        },
        {
          priority: 1,
          type: "hot",
        },
      ],
    },
    type: "state-snapshot",
  },
  {
    detail: {
      type: "cold",
    },
    type: "selected-event",
  },
  {
    detail: {
      bThread: [
        {
          name: "addHot",
          priority: 1,
        },
        {
          name: "addCold",
          priority: 2,
        },
        {
          name: "mixHotCold",
          priority: 3,
        },
      ],
      blockedEvents: [
        "cold",
      ],
      requestedEvents: [
        {
          priority: 1,
          type: "hot",
        },
        {
          priority: 2,
          type: "cold",
        },
      ],
    },
    type: "state-snapshot",
  },
  {
    detail: {
      type: "hot",
    },
    type: "selected-event",
  },
  {
    detail: {
      bThread: [
        {
          name: "addCold",
          priority: 2,
        },
        {
          name: "mixHotCold",
          priority: 3,
        },
      ],
      blockedEvents: [
        "hot",
      ],
      requestedEvents: [
        {
          priority: 2,
          type: "cold",
        },
      ],
    },
    type: "state-snapshot",
  },
  {
    detail: {
      type: "cold",
    },
    type: "selected-event",
  },
  {
    detail: {
      bThread: [
        {
          name: "mixHotCold",
          priority: 3,
        },
      ],
      blockedEvents: [
        "cold",
      ],
      requestedEvents: [
      ],
    },
    type: "state-snapshot",
  },
]
`;

snapshot[`bProgram: randomized priority queue 1`] = `
[
  {
    detail: {
      data: "start",
      type: "start",
    },
    type: "trigger-event",
  },
  {
    detail: {
      bThread: [
        {
          name: "addHot",
          priority: 1,
        },
        {
          name: "addCold",
          priority: 2,
        },
        {
          name: "mixHotCold",
          priority: 3,
        },
        {
          name: "start",
          priority: 0,
        },
      ],
      blockedEvents: [
        "cold",
      ],
      requestedEvents: [
        {
          data: "start",
          priority: 0,
          type: "start",
        },
      ],
    },
    type: "state-snapshot",
  },
  {
    detail: {
      data: "start",
      type: "start",
    },
    type: "selected-event",
  },
  {
    detail: {
      bThread: [
        {
          name: "mixHotCold",
          priority: 3,
        },
        {
          name: "addHot",
          priority: 1,
        },
        {
          name: "addCold",
          priority: 2,
        },
      ],
      blockedEvents: [
        "cold",
      ],
      requestedEvents: [
        {
          priority: 1,
          type: "hot",
        },
        {
          priority: 2,
          type: "cold",
        },
      ],
    },
    type: "state-snapshot",
  },
  {
    detail: {
      type: "hot",
    },
    type: "selected-event",
  },
  {
    detail: {
      bThread: [
        {
          name: "addCold",
          priority: 2,
        },
        {
          name: "mixHotCold",
          priority: 3,
        },
        {
          name: "addHot",
          priority: 1,
        },
      ],
      blockedEvents: [
        "hot",
      ],
      requestedEvents: [
        {
          priority: 2,
          type: "cold",
        },
        {
          priority: 1,
          type: "hot",
        },
      ],
    },
    type: "state-snapshot",
  },
  {
    detail: {
      type: "cold",
    },
    type: "selected-event",
  },
  {
    detail: {
      bThread: [
        {
          name: "addHot",
          priority: 1,
        },
        {
          name: "addCold",
          priority: 2,
        },
        {
          name: "mixHotCold",
          priority: 3,
        },
      ],
      blockedEvents: [
        "cold",
      ],
      requestedEvents: [
        {
          priority: 1,
          type: "hot",
        },
        {
          priority: 2,
          type: "cold",
        },
      ],
    },
    type: "state-snapshot",
  },
  {
    detail: {
      type: "hot",
    },
    type: "selected-event",
  },
  {
    detail: {
      bThread: [
        {
          name: "addCold",
          priority: 2,
        },
        {
          name: "addHot",
          priority: 1,
        },
        {
          name: "mixHotCold",
          priority: 3,
        },
      ],
      blockedEvents: [
        "hot",
      ],
      requestedEvents: [
        {
          priority: 2,
          type: "cold",
        },
        {
          priority: 1,
          type: "hot",
        },
      ],
    },
    type: "state-snapshot",
  },
  {
    detail: {
      type: "cold",
    },
    type: "selected-event",
  },
  {
    detail: {
      bThread: [
        {
          name: "addHot",
          priority: 1,
        },
        {
          name: "addCold",
          priority: 2,
        },
        {
          name: "mixHotCold",
          priority: 3,
        },
      ],
      blockedEvents: [
        "cold",
      ],
      requestedEvents: [
        {
          priority: 1,
          type: "hot",
        },
        {
          priority: 2,
          type: "cold",
        },
      ],
    },
    type: "state-snapshot",
  },
  {
    detail: {
      type: "hot",
    },
    type: "selected-event",
  },
  {
    detail: {
      bThread: [
        {
          name: "addCold",
          priority: 2,
        },
        {
          name: "mixHotCold",
          priority: 3,
        },
      ],
      blockedEvents: [
        "hot",
      ],
      requestedEvents: [
        {
          priority: 2,
          type: "cold",
        },
      ],
    },
    type: "state-snapshot",
  },
  {
    detail: {
      type: "cold",
    },
    type: "selected-event",
  },
  {
    detail: {
      bThread: [
        {
          name: "mixHotCold",
          priority: 3,
        },
      ],
      blockedEvents: [
        "cold",
      ],
      requestedEvents: [
      ],
    },
    type: "state-snapshot",
  },
]
`;

snapshot[`bProgram: chaos selection 1`] = `
[
  {
    detail: {
      data: "start",
      type: "start",
    },
    type: "trigger-event",
  },
  {
    detail: {
      bThread: [
        {
          name: "addHot",
          priority: 1,
        },
        {
          name: "addCold",
          priority: 2,
        },
        {
          name: "mixHotCold",
          priority: 3,
        },
        {
          name: "start",
          priority: 0,
        },
      ],
      blockedEvents: [
        "cold",
      ],
      requestedEvents: [
        {
          data: "start",
          priority: 0,
          type: "start",
        },
      ],
    },
    type: "state-snapshot",
  },
  {
    detail: {
      data: "start",
      type: "start",
    },
    type: "selected-event",
  },
  {
    detail: {
      bThread: [
        {
          name: "mixHotCold",
          priority: 3,
        },
        {
          name: "addHot",
          priority: 1,
        },
        {
          name: "addCold",
          priority: 2,
        },
      ],
      blockedEvents: [
        "cold",
      ],
      requestedEvents: [
        {
          priority: 1,
          type: "hot",
        },
        {
          priority: 2,
          type: "cold",
        },
      ],
    },
    type: "state-snapshot",
  },
  {
    detail: {
      type: "hot",
    },
    type: "selected-event",
  },
  {
    detail: {
      bThread: [
        {
          name: "addCold",
          priority: 2,
        },
        {
          name: "mixHotCold",
          priority: 3,
        },
        {
          name: "addHot",
          priority: 1,
        },
      ],
      blockedEvents: [
        "hot",
      ],
      requestedEvents: [
        {
          priority: 2,
          type: "cold",
        },
        {
          priority: 1,
          type: "hot",
        },
      ],
    },
    type: "state-snapshot",
  },
  {
    detail: {
      type: "cold",
    },
    type: "selected-event",
  },
  {
    detail: {
      bThread: [
        {
          name: "addHot",
          priority: 1,
        },
        {
          name: "addCold",
          priority: 2,
        },
        {
          name: "mixHotCold",
          priority: 3,
        },
      ],
      blockedEvents: [
        "cold",
      ],
      requestedEvents: [
        {
          priority: 1,
          type: "hot",
        },
        {
          priority: 2,
          type: "cold",
        },
      ],
    },
    type: "state-snapshot",
  },
  {
    detail: {
      type: "hot",
    },
    type: "selected-event",
  },
  {
    detail: {
      bThread: [
        {
          name: "addCold",
          priority: 2,
        },
        {
          name: "addHot",
          priority: 1,
        },
        {
          name: "mixHotCold",
          priority: 3,
        },
      ],
      blockedEvents: [
        "hot",
      ],
      requestedEvents: [
        {
          priority: 2,
          type: "cold",
        },
        {
          priority: 1,
          type: "hot",
        },
      ],
    },
    type: "state-snapshot",
  },
  {
    detail: {
      type: "cold",
    },
    type: "selected-event",
  },
  {
    detail: {
      bThread: [
        {
          name: "addHot",
          priority: 1,
        },
        {
          name: "addCold",
          priority: 2,
        },
        {
          name: "mixHotCold",
          priority: 3,
        },
      ],
      blockedEvents: [
        "cold",
      ],
      requestedEvents: [
        {
          priority: 1,
          type: "hot",
        },
        {
          priority: 2,
          type: "cold",
        },
      ],
    },
    type: "state-snapshot",
  },
  {
    detail: {
      type: "hot",
    },
    type: "selected-event",
  },
  {
    detail: {
      bThread: [
        {
          name: "addCold",
          priority: 2,
        },
        {
          name: "mixHotCold",
          priority: 3,
        },
      ],
      blockedEvents: [
        "hot",
      ],
      requestedEvents: [
        {
          priority: 2,
          type: "cold",
        },
      ],
    },
    type: "state-snapshot",
  },
  {
    detail: {
      type: "cold",
    },
    type: "selected-event",
  },
  {
    detail: {
      bThread: [
        {
          name: "mixHotCold",
          priority: 3,
        },
      ],
      blockedEvents: [
        "cold",
      ],
      requestedEvents: [
      ],
    },
    type: "state-snapshot",
  },
]
`;
