export const snapshot = {};

snapshot[`logging 1`] = `
[
  {
    data: {
      event: "start",
    },
    type: "trigger",
  },
  {
    data: {
      ruleSets: [
        {
          priority: 1,
          request: [
            {
              event: "hot",
            },
          ],
          thread: "addHot",
        },
        {
          priority: 2,
          request: [
            {
              event: "cold",
            },
          ],
          thread: "addCold",
        },
        {
          block: [
            {
              event: "cold",
            },
          ],
          priority: 3,
          thread: "mixHotCold",
          waitFor: [
            {
              event: "hot",
            },
          ],
        },
        {
          priority: 0,
          request: [
            {
              detail: undefined,
              event: "start",
            },
          ],
          thread: "start",
          waitFor: [
            {
              cb: [Function: cb],
              event: "",
            },
          ],
        },
      ],
      selectedEvent: {
        detail: undefined,
        event: "start",
        priority: 0,
      },
    },
    type: "state-snapshot",
  },
  {
    data: {
      ruleSets: [
        {
          priority: 1,
          request: [
            {
              event: "hot",
            },
          ],
          thread: "addHot",
        },
        {
          priority: 2,
          request: [
            {
              event: "cold",
            },
          ],
          thread: "addCold",
        },
        {
          block: [
            {
              event: "cold",
            },
          ],
          priority: 3,
          thread: "mixHotCold",
          waitFor: [
            {
              event: "hot",
            },
          ],
        },
      ],
      selectedEvent: {
        event: "hot",
        priority: 1,
      },
    },
    type: "state-snapshot",
  },
  {
    data: {
      ruleSets: [
        {
          priority: 2,
          request: [
            {
              event: "cold",
            },
          ],
          thread: "addCold",
        },
        {
          priority: 1,
          request: [
            {
              event: "hot",
            },
          ],
          thread: "addHot",
        },
        {
          block: [
            {
              event: "hot",
            },
          ],
          priority: 3,
          thread: "mixHotCold",
          waitFor: [
            {
              event: "cold",
            },
          ],
        },
      ],
      selectedEvent: {
        event: "cold",
        priority: 2,
      },
    },
    type: "state-snapshot",
  },
  {
    data: {
      ruleSets: [
        {
          priority: 1,
          request: [
            {
              event: "hot",
            },
          ],
          thread: "addHot",
        },
        {
          priority: 2,
          request: [
            {
              event: "cold",
            },
          ],
          thread: "addCold",
        },
        {
          block: [
            {
              event: "cold",
            },
          ],
          priority: 3,
          thread: "mixHotCold",
          waitFor: [
            {
              event: "hot",
            },
          ],
        },
      ],
      selectedEvent: {
        event: "hot",
        priority: 1,
      },
    },
    type: "state-snapshot",
  },
  {
    data: {
      ruleSets: [
        {
          priority: 2,
          request: [
            {
              event: "cold",
            },
          ],
          thread: "addCold",
        },
        {
          priority: 1,
          request: [
            {
              event: "hot",
            },
          ],
          thread: "addHot",
        },
        {
          block: [
            {
              event: "hot",
            },
          ],
          priority: 3,
          thread: "mixHotCold",
          waitFor: [
            {
              event: "cold",
            },
          ],
        },
      ],
      selectedEvent: {
        event: "cold",
        priority: 2,
      },
    },
    type: "state-snapshot",
  },
  {
    data: {
      ruleSets: [
        {
          priority: 1,
          request: [
            {
              event: "hot",
            },
          ],
          thread: "addHot",
        },
        {
          priority: 2,
          request: [
            {
              event: "cold",
            },
          ],
          thread: "addCold",
        },
        {
          block: [
            {
              event: "cold",
            },
          ],
          priority: 3,
          thread: "mixHotCold",
          waitFor: [
            {
              event: "hot",
            },
          ],
        },
      ],
      selectedEvent: {
        event: "hot",
        priority: 1,
      },
    },
    type: "state-snapshot",
  },
  {
    data: {
      ruleSets: [
        {
          priority: 2,
          request: [
            {
              event: "cold",
            },
          ],
          thread: "addCold",
        },
        {
          block: [
            {
              event: "hot",
            },
          ],
          priority: 3,
          thread: "mixHotCold",
          waitFor: [
            {
              event: "cold",
            },
          ],
        },
      ],
      selectedEvent: {
        event: "cold",
        priority: 2,
      },
    },
    type: "state-snapshot",
  },
  {
    data: {
      strategy: "priority",
    },
    type: "end",
  },
]
`;
