export const snapshot = {};

snapshot[`logging 1`] = `
[
  [
    {
      priority: 0,
      request: [
        {
          detail: undefined,
          event: "start",
        },
      ],
      selected: true,
      thread: "start",
      trigger: true,
      waitFor: [
        {
          cb: [Function: cb],
          event: "",
        },
      ],
    },
    {
      priority: 1,
      request: [
        {
          event: "hot",
        },
      ],
      thread: "addHot",
    },
    {
      priority: 2,
      request: [
        {
          event: "cold",
        },
      ],
      thread: "addCold",
    },
    {
      block: [
        {
          event: "cold",
        },
      ],
      priority: 3,
      thread: "mixHotCold",
      waitFor: [
        {
          event: "hot",
        },
      ],
    },
  ],
  [
    {
      priority: 1,
      request: [
        {
          event: "hot",
        },
      ],
      selected: true,
      thread: "addHot",
    },
    {
      priority: 2,
      request: [
        {
          event: "cold",
        },
      ],
      thread: "addCold",
    },
    {
      block: [
        {
          event: "cold",
        },
      ],
      priority: 3,
      thread: "mixHotCold",
      waitFor: [
        {
          event: "hot",
        },
      ],
    },
  ],
  [
    {
      priority: 1,
      request: [
        {
          event: "hot",
        },
      ],
      thread: "addHot",
    },
    {
      priority: 2,
      request: [
        {
          event: "cold",
        },
      ],
      selected: true,
      thread: "addCold",
    },
    {
      block: [
        {
          event: "hot",
        },
      ],
      priority: 3,
      thread: "mixHotCold",
      waitFor: [
        {
          event: "cold",
        },
      ],
    },
  ],
  [
    {
      priority: 1,
      request: [
        {
          event: "hot",
        },
      ],
      selected: true,
      thread: "addHot",
    },
    {
      priority: 2,
      request: [
        {
          event: "cold",
        },
      ],
      thread: "addCold",
    },
    {
      block: [
        {
          event: "cold",
        },
      ],
      priority: 3,
      thread: "mixHotCold",
      waitFor: [
        {
          event: "hot",
        },
      ],
    },
  ],
  [
    {
      priority: 1,
      request: [
        {
          event: "hot",
        },
      ],
      thread: "addHot",
    },
    {
      priority: 2,
      request: [
        {
          event: "cold",
        },
      ],
      selected: true,
      thread: "addCold",
    },
    {
      block: [
        {
          event: "hot",
        },
      ],
      priority: 3,
      thread: "mixHotCold",
      waitFor: [
        {
          event: "cold",
        },
      ],
    },
  ],
  [
    {
      priority: 1,
      request: [
        {
          event: "hot",
        },
      ],
      selected: true,
      thread: "addHot",
    },
    {
      priority: 2,
      request: [
        {
          event: "cold",
        },
      ],
      thread: "addCold",
    },
    {
      block: [
        {
          event: "cold",
        },
      ],
      priority: 3,
      thread: "mixHotCold",
      waitFor: [
        {
          event: "hot",
        },
      ],
    },
  ],
  [
    {
      priority: 2,
      request: [
        {
          event: "cold",
        },
      ],
      selected: true,
      thread: "addCold",
    },
    {
      block: [
        {
          event: "hot",
        },
      ],
      priority: 3,
      thread: "mixHotCold",
      waitFor: [
        {
          event: "cold",
        },
      ],
    },
  ],
]
`;
