export const snapshot = {};

snapshot[`createTemplate: self closing - html 1`] = `'<input type="text"/>'`;

snapshot[`createTemplate: self closing - svg 1`] = `'<polygon points="0,100 50,25 50,75 100,0"/>'`;

snapshot[`createTemplate: falsey - undefined 1`] = `"<div></div>"`;

snapshot[`createTemplate: falsey - null 1`] = `"<div></div>"`;

snapshot[`createTemplate: falsey - false 1`] = `"<div></div>"`;

snapshot[`createTemplate: falsey - "" 1`] = `"<div></div>"`;

snapshot[`createTemplate: falsey - 0 1`] = `"<div></div>"`;

snapshot[`createTemplate: falsey - NaN 1`] = `"<div></div>"`;

snapshot[`createTemplate: conditional 1`] = `"<div>hello</div>"`;

snapshot[`createTemplate: style attribute 1`] = `'<div style="background-color:blue; margin:12px;">styles</div>'`;

snapshot[`createTemplate: data-trigger attribute 1`] = `'<div data-trigger="click->random focus->thing">triggers</div>'`;

snapshot[`createTemplate: array of PlaitedElements 1`] = `"<div><li>0</li><li>1</li><li>2</li><li>3</li><li>4</li><li>5</li><li>6</li><li>7</li><li>8</li><li>9</li></div>"`;

snapshot[`createTemplate: should not throw on script tag with trusted attribute 1`] = `'<script type="module" src="main.js"></script>'`;

snapshot[`createTemplate: escapes children 1`] = `
"<div>&lt;script type=&quot;text/javascript&quot;&gt;
const hostRegex = /^https?://([^/]+)/.*\$/i;
const host = document.URL.replace(hostRegex, &#39;\$1&#39;);
const socket = new WebSocket(/);
const reload = () =&gt;{
  location.reload();
  console.log(&#39;...reloading&#39;);
};
socket.addEventListener(&#39;message&#39;, reload);
console.log(&#39;[plaited] listening for file changes&#39;);
&lt;/script&gt;</div>"
`;

snapshot[`createTemplate: doest not escape children when trusted 1`] = `
\`<div><script type="text/javascript">
const hostRegex = /^https?://([^/]+)/.*\$/i;
const host = document.URL.replace(hostRegex, '\$1');
const socket = new WebSocket(/);
const reload = () =>{
  location.reload();
  console.log('...reloading');
};
socket.addEventListener('message', reload);
console.log('[plaited] listening for file changes');
</script></div>\`
`;

snapshot[`createTemplate: Fragment of PlaitedElements 1`] = `"<li>0</li><li>1</li><li>2</li><li>3</li><li>4</li><li>5</li><li>6</li><li>7</li><li>8</li><li>9</li>"`;

snapshot[`createTemplate: with slotted PlaitedElements 1`] = `'<c-el><template shadowrootmode="open" shadowrootdelegatesfocus="true"><slot name="slot"></slot></template><li slot="slot">slot-0</li><li slot="slot">slot-1</li><li slot="slot">slot-2</li><li slot="slot">slot-3</li><li slot="slot">slot-4</li><li slot="slot">slot-5</li><li slot="slot">slot-6</li><li slot="slot">slot-7</li><li slot="slot">slot-8</li><li slot="slot">slot-9</li></c-el>'`;

snapshot[`createTemplate: Fragment PlaitedElements 1`] = `"<li>item-0</li><li>item-1</li><li>item-2</li><li>item-3</li><li>item-4</li><li>item-5</li><li>item-6</li><li>item-7</li><li>item-8</li><li>item-9</li>"`;
