export const snapshot = {};

snapshot[`css() 1`] = `
{
  classes: {
    "_button-4": "_button-4_Njc3MTk4MjY1",
    button: "button_Njc3MTk4MjY1",
    button4: "button4_Njc3MTk4MjY1",
  },
  styles: ".button_Njc3MTk4MjY1 { background-color: rgba(255, 0, 0, 0.2); } .button4_Njc3MTk4MjY1:disabled { background-color: rgba(255, 0, 0, 0.8); } ._button-4_Njc3MTk4MjY1:disabled { background-color: rgba(00, 50, 25, 0.8); }",
}
`;

snapshot[`css() 2`] = `
{
  classes: {
    button: "button_MzgwNjM4NzIzMA",
  },
  styles: ".button_MzgwNjM4NzIzMA { color: var(--color); } .button_MzgwNjM4NzIzMA:focus { color: var(--color-focus); }",
}
`;
