export const snapshot = {};

snapshot[`css() 1`] = `
[
  {
    "_button-4": "_button-4_NzU3MD",
    button: "button_NzU3MD",
    button4: "button4_NzU3MD",
    link: "link_NzU3MD",
  },
  {
    stylesheet: ".button_NzU3MD { background-color: rgba(255, 0, 0, 0.2); } .button4_NzU3MD:disabled { background-color: rgba(255, 0, 0, 0.8); } ._button-4_NzU3MD:disabled { background-color: rgba(00, 50, 25, 0.8); } ._button-4_NzU3MD:disabled + :not(.link_NzU3MD){ background-color: rgba(00, 50, 25, 0.8); }",
  },
]
`;

snapshot[`css() 2`] = `
[
  {
    "_button-4": "_button-4_LTM5Mz",
    button: "button_LTM5Mz",
    button4: "button4_LTM5Mz",
    combinator: "combinator_LTM5Mz",
    link: "link_LTM5Mz",
  },
  {
    stylesheet: ".button_LTM5Mz { background-color: rgba(255, 0, 0, 0.2); } .button4_LTM5Mz:disabled { background-color: rgba(255, 0, 0, 0.8); } ._button-4_LTM5Mz:disabled > .combinator_LTM5Mz { background-color: va(--background-color); } ._button-4_LTM5Mz:disabled + :not(.link_LTM5Mz){ background-color: var(--background-color-disabled); }",
  },
]
`;
