export const snapshot = {};

snapshot[`Island.template() 1`] = `'<z-el><template shadowrootmode="open" shadowrootdelegatesfocus><div><h1>header</h1></div></template></z-el>'`;

snapshot[`Island.template() 2`] = `'<z-el id="random"><template shadowrootmode="open" shadowrootdelegatesfocus><div><h1>header</h1></div></template></z-el>'`;

snapshot[`Island.template() 3`] = `'<z-el data-target="random" data-trigger="click->random focus->thing"><template shadowrootmode="open" shadowrootdelegatesfocus><div><h1>header</h1></div></template></z-el>'`;

snapshot[`Island.template() 4`] = `'<z-el mode="closed"><template shadowrootmode="open" shadowrootdelegatesfocus><div><h1>header</h1></div></template></z-el>'`;

snapshot[`Island.template() 5`] = `'<z-el slots="&lt;div&gt;slotted&lt;/di&gt;"><template shadowrootmode="open" shadowrootdelegatesfocus><div><h1>header</h1></div></template></z-el>'`;

snapshot[`Island.template() 6`] = `'<z-el><template shadowrootmode="open" shadowrootdelegatesfocus><style>.h1 { color: red}</style><div><h1>header</h1></div></template></z-el>'`;

snapshot[`Island.template() 7`] = `'<z-el><template shadowrootmode="open" shadowrootdelegatesfocus><style>.h1 { color: red}div {opacity: 0.85;}</style><div><h1>header</h1></div></template></z-el>'`;
