export const snapshot = {};

snapshot[`Plait > priority queue 1`] = `
[
  {
    detail: {
      data: "start",
      type: "start",
    },
    type: "trigger-event",
  },
  {
    detail: {
      blockedEvents: [
        "cold",
      ],
      logicStrands: [
        {
          priority: 1,
          strandName: "addHot",
        },
        {
          priority: 2,
          strandName: "addCold",
        },
        {
          priority: 3,
          strandName: "mixHotCold",
        },
        {
          priority: 0,
          strandName: "start",
        },
      ],
      requestedEvents: [
        {
          data: "start",
          priority: 0,
          type: "start",
        },
      ],
    },
    type: "state-snapshot",
  },
  {
    detail: {
      data: "start",
      type: "start",
    },
    type: "selected-event",
  },
  {
    detail: {
      blockedEvents: [
        "cold",
      ],
      logicStrands: [
        {
          priority: 3,
          strandName: "mixHotCold",
        },
        {
          priority: 1,
          strandName: "addHot",
        },
        {
          priority: 2,
          strandName: "addCold",
        },
      ],
      requestedEvents: [
        {
          priority: 1,
          type: "hot",
        },
        {
          priority: 2,
          type: "cold",
        },
      ],
    },
    type: "state-snapshot",
  },
  {
    detail: {
      type: "hot",
    },
    type: "selected-event",
  },
  {
    detail: {
      blockedEvents: [
        "hot",
      ],
      logicStrands: [
        {
          priority: 2,
          strandName: "addCold",
        },
        {
          priority: 3,
          strandName: "mixHotCold",
        },
        {
          priority: 1,
          strandName: "addHot",
        },
      ],
      requestedEvents: [
        {
          priority: 2,
          type: "cold",
        },
        {
          priority: 1,
          type: "hot",
        },
      ],
    },
    type: "state-snapshot",
  },
  {
    detail: {
      type: "cold",
    },
    type: "selected-event",
  },
  {
    detail: {
      blockedEvents: [
        "cold",
      ],
      logicStrands: [
        {
          priority: 1,
          strandName: "addHot",
        },
        {
          priority: 2,
          strandName: "addCold",
        },
        {
          priority: 3,
          strandName: "mixHotCold",
        },
      ],
      requestedEvents: [
        {
          priority: 1,
          type: "hot",
        },
        {
          priority: 2,
          type: "cold",
        },
      ],
    },
    type: "state-snapshot",
  },
  {
    detail: {
      type: "hot",
    },
    type: "selected-event",
  },
  {
    detail: {
      blockedEvents: [
        "hot",
      ],
      logicStrands: [
        {
          priority: 2,
          strandName: "addCold",
        },
        {
          priority: 1,
          strandName: "addHot",
        },
        {
          priority: 3,
          strandName: "mixHotCold",
        },
      ],
      requestedEvents: [
        {
          priority: 2,
          type: "cold",
        },
        {
          priority: 1,
          type: "hot",
        },
      ],
    },
    type: "state-snapshot",
  },
  {
    detail: {
      type: "cold",
    },
    type: "selected-event",
  },
  {
    detail: {
      blockedEvents: [
        "cold",
      ],
      logicStrands: [
        {
          priority: 1,
          strandName: "addHot",
        },
        {
          priority: 2,
          strandName: "addCold",
        },
        {
          priority: 3,
          strandName: "mixHotCold",
        },
      ],
      requestedEvents: [
        {
          priority: 1,
          type: "hot",
        },
        {
          priority: 2,
          type: "cold",
        },
      ],
    },
    type: "state-snapshot",
  },
  {
    detail: {
      type: "hot",
    },
    type: "selected-event",
  },
  {
    detail: {
      blockedEvents: [
        "hot",
      ],
      logicStrands: [
        {
          priority: 2,
          strandName: "addCold",
        },
        {
          priority: 3,
          strandName: "mixHotCold",
        },
      ],
      requestedEvents: [
        {
          priority: 2,
          type: "cold",
        },
      ],
    },
    type: "state-snapshot",
  },
  {
    detail: {
      type: "cold",
    },
    type: "selected-event",
  },
  {
    detail: {
      blockedEvents: [
        "cold",
      ],
      logicStrands: [
        {
          priority: 3,
          strandName: "mixHotCold",
        },
      ],
      requestedEvents: [
      ],
    },
    type: "state-snapshot",
  },
]
`;

snapshot[`Plait > randomized priority queue 1`] = `
[
  {
    detail: {
      data: "start",
      type: "start",
    },
    type: "trigger-event",
  },
  {
    detail: {
      blockedEvents: [
        "cold",
      ],
      logicStrands: [
        {
          priority: 1,
          strandName: "addHot",
        },
        {
          priority: 2,
          strandName: "addCold",
        },
        {
          priority: 3,
          strandName: "mixHotCold",
        },
        {
          priority: 0,
          strandName: "start",
        },
      ],
      requestedEvents: [
        {
          data: "start",
          priority: 0,
          type: "start",
        },
      ],
    },
    type: "state-snapshot",
  },
  {
    detail: {
      data: "start",
      type: "start",
    },
    type: "selected-event",
  },
  {
    detail: {
      blockedEvents: [
        "cold",
      ],
      logicStrands: [
        {
          priority: 3,
          strandName: "mixHotCold",
        },
        {
          priority: 1,
          strandName: "addHot",
        },
        {
          priority: 2,
          strandName: "addCold",
        },
      ],
      requestedEvents: [
        {
          priority: 1,
          type: "hot",
        },
        {
          priority: 2,
          type: "cold",
        },
      ],
    },
    type: "state-snapshot",
  },
  {
    detail: {
      type: "hot",
    },
    type: "selected-event",
  },
  {
    detail: {
      blockedEvents: [
        "hot",
      ],
      logicStrands: [
        {
          priority: 2,
          strandName: "addCold",
        },
        {
          priority: 3,
          strandName: "mixHotCold",
        },
        {
          priority: 1,
          strandName: "addHot",
        },
      ],
      requestedEvents: [
        {
          priority: 2,
          type: "cold",
        },
        {
          priority: 1,
          type: "hot",
        },
      ],
    },
    type: "state-snapshot",
  },
  {
    detail: {
      type: "cold",
    },
    type: "selected-event",
  },
  {
    detail: {
      blockedEvents: [
        "cold",
      ],
      logicStrands: [
        {
          priority: 1,
          strandName: "addHot",
        },
        {
          priority: 2,
          strandName: "addCold",
        },
        {
          priority: 3,
          strandName: "mixHotCold",
        },
      ],
      requestedEvents: [
        {
          priority: 1,
          type: "hot",
        },
        {
          priority: 2,
          type: "cold",
        },
      ],
    },
    type: "state-snapshot",
  },
  {
    detail: {
      type: "hot",
    },
    type: "selected-event",
  },
  {
    detail: {
      blockedEvents: [
        "hot",
      ],
      logicStrands: [
        {
          priority: 2,
          strandName: "addCold",
        },
        {
          priority: 1,
          strandName: "addHot",
        },
        {
          priority: 3,
          strandName: "mixHotCold",
        },
      ],
      requestedEvents: [
        {
          priority: 2,
          type: "cold",
        },
        {
          priority: 1,
          type: "hot",
        },
      ],
    },
    type: "state-snapshot",
  },
  {
    detail: {
      type: "cold",
    },
    type: "selected-event",
  },
  {
    detail: {
      blockedEvents: [
        "cold",
      ],
      logicStrands: [
        {
          priority: 1,
          strandName: "addHot",
        },
        {
          priority: 2,
          strandName: "addCold",
        },
        {
          priority: 3,
          strandName: "mixHotCold",
        },
      ],
      requestedEvents: [
        {
          priority: 1,
          type: "hot",
        },
        {
          priority: 2,
          type: "cold",
        },
      ],
    },
    type: "state-snapshot",
  },
  {
    detail: {
      type: "hot",
    },
    type: "selected-event",
  },
  {
    detail: {
      blockedEvents: [
        "hot",
      ],
      logicStrands: [
        {
          priority: 2,
          strandName: "addCold",
        },
        {
          priority: 3,
          strandName: "mixHotCold",
        },
      ],
      requestedEvents: [
        {
          priority: 2,
          type: "cold",
        },
      ],
    },
    type: "state-snapshot",
  },
  {
    detail: {
      type: "cold",
    },
    type: "selected-event",
  },
  {
    detail: {
      blockedEvents: [
        "cold",
      ],
      logicStrands: [
        {
          priority: 3,
          strandName: "mixHotCold",
        },
      ],
      requestedEvents: [
      ],
    },
    type: "state-snapshot",
  },
]
`;

snapshot[`Plait > chaos selection 1`] = `
[
  {
    detail: {
      data: "start",
      type: "start",
    },
    type: "trigger-event",
  },
  {
    detail: {
      blockedEvents: [
        "cold",
      ],
      logicStrands: [
        {
          priority: 1,
          strandName: "addHot",
        },
        {
          priority: 2,
          strandName: "addCold",
        },
        {
          priority: 3,
          strandName: "mixHotCold",
        },
        {
          priority: 0,
          strandName: "start",
        },
      ],
      requestedEvents: [
        {
          data: "start",
          priority: 0,
          type: "start",
        },
      ],
    },
    type: "state-snapshot",
  },
  {
    detail: {
      data: "start",
      type: "start",
    },
    type: "selected-event",
  },
  {
    detail: {
      blockedEvents: [
        "cold",
      ],
      logicStrands: [
        {
          priority: 3,
          strandName: "mixHotCold",
        },
        {
          priority: 1,
          strandName: "addHot",
        },
        {
          priority: 2,
          strandName: "addCold",
        },
      ],
      requestedEvents: [
        {
          priority: 1,
          type: "hot",
        },
        {
          priority: 2,
          type: "cold",
        },
      ],
    },
    type: "state-snapshot",
  },
  {
    detail: {
      type: "hot",
    },
    type: "selected-event",
  },
  {
    detail: {
      blockedEvents: [
        "hot",
      ],
      logicStrands: [
        {
          priority: 2,
          strandName: "addCold",
        },
        {
          priority: 3,
          strandName: "mixHotCold",
        },
        {
          priority: 1,
          strandName: "addHot",
        },
      ],
      requestedEvents: [
        {
          priority: 2,
          type: "cold",
        },
        {
          priority: 1,
          type: "hot",
        },
      ],
    },
    type: "state-snapshot",
  },
  {
    detail: {
      type: "cold",
    },
    type: "selected-event",
  },
  {
    detail: {
      blockedEvents: [
        "cold",
      ],
      logicStrands: [
        {
          priority: 1,
          strandName: "addHot",
        },
        {
          priority: 2,
          strandName: "addCold",
        },
        {
          priority: 3,
          strandName: "mixHotCold",
        },
      ],
      requestedEvents: [
        {
          priority: 1,
          type: "hot",
        },
        {
          priority: 2,
          type: "cold",
        },
      ],
    },
    type: "state-snapshot",
  },
  {
    detail: {
      type: "hot",
    },
    type: "selected-event",
  },
  {
    detail: {
      blockedEvents: [
        "hot",
      ],
      logicStrands: [
        {
          priority: 2,
          strandName: "addCold",
        },
        {
          priority: 1,
          strandName: "addHot",
        },
        {
          priority: 3,
          strandName: "mixHotCold",
        },
      ],
      requestedEvents: [
        {
          priority: 2,
          type: "cold",
        },
        {
          priority: 1,
          type: "hot",
        },
      ],
    },
    type: "state-snapshot",
  },
  {
    detail: {
      type: "cold",
    },
    type: "selected-event",
  },
  {
    detail: {
      blockedEvents: [
        "cold",
      ],
      logicStrands: [
        {
          priority: 1,
          strandName: "addHot",
        },
        {
          priority: 2,
          strandName: "addCold",
        },
        {
          priority: 3,
          strandName: "mixHotCold",
        },
      ],
      requestedEvents: [
        {
          priority: 1,
          type: "hot",
        },
        {
          priority: 2,
          type: "cold",
        },
      ],
    },
    type: "state-snapshot",
  },
  {
    detail: {
      type: "hot",
    },
    type: "selected-event",
  },
  {
    detail: {
      blockedEvents: [
        "hot",
      ],
      logicStrands: [
        {
          priority: 2,
          strandName: "addCold",
        },
        {
          priority: 3,
          strandName: "mixHotCold",
        },
      ],
      requestedEvents: [
        {
          priority: 2,
          type: "cold",
        },
      ],
    },
    type: "state-snapshot",
  },
  {
    detail: {
      type: "cold",
    },
    type: "selected-event",
  },
  {
    detail: {
      blockedEvents: [
        "cold",
      ],
      logicStrands: [
        {
          priority: 3,
          strandName: "mixHotCold",
        },
      ],
      requestedEvents: [
      ],
    },
    type: "state-snapshot",
  },
]
`;
