// Jest Snapshot v1, https://goo.gl/fbAQLP

exports[`getStoryMap: valid 1`] = `
Map {
  "example-stories--play-story" => {
    "attrs": {
      "children": "Example story",
    },
    "clientPath": "/example.stories.js",
    "description": "replaces placeholder text",
    "name": "playStory",
    "play": true,
    "srcPath": "/example.stories.tsx",
    "template": [Function],
    "title": "Example/Stories",
  },
  "example-stories--regular-story" => {
    "attrs": {},
    "clientPath": "/example.stories.js",
    "description": "renders with placeholder",
    "name": "regularStory",
    "play": false,
    "srcPath": "/example.stories.tsx",
    "template": [Function],
    "title": "Example/Stories",
  },
  "example-nested-stories--play-story" => {
    "attrs": {
      "children": {
        "content": "<input type="text" data-testid="target" value="default value"/>",
        "stylesheets": Set {},
      },
    },
    "clientPath": "/nested/example.stories.js",
    "description": "nested mock description",
    "name": "playStory",
    "play": true,
    "srcPath": "/nested/example.stories.tsx",
    "template": [Function],
    "title": "Example/NestedStories",
  },
  "example-nested-stories--regular-story" => {
    "attrs": {
      "children": "nope",
    },
    "clientPath": "/nested/example.stories.js",
    "description": "nested mock description",
    "name": "regularStory",
    "play": false,
    "srcPath": "/nested/example.stories.tsx",
    "template": [Function],
    "title": "Example/NestedStories",
  },
}
`;
