// Bun Snapshot v1, https://goo.gl/fbAQLP

exports[`logging 1`] = `
[
  [
    {
      "priority": 0,
      "request": true,
      "selected": "start",
      "thread": "start",
    },
    {
      "priority": 1,
      "request": false,
      "thread": "addHot",
    },
    {
      "priority": 2,
      "request": false,
      "thread": "addCold",
    },
    {
      "priority": 3,
      "thread": "mixHotCold",
    },
  ],
  [
    {
      "priority": 1,
      "request": true,
      "selected": "hot",
      "thread": "addHot",
    },
    {
      "priority": 2,
      "request": false,
      "thread": "addCold",
    },
    {
      "priority": 3,
      "thread": "mixHotCold",
    },
  ],
  [
    {
      "priority": 1,
      "request": false,
      "thread": "addHot",
    },
    {
      "priority": 2,
      "request": true,
      "selected": "cold",
      "thread": "addCold",
    },
    {
      "priority": 3,
      "thread": "mixHotCold",
    },
  ],
  [
    {
      "priority": 1,
      "request": true,
      "selected": "hot",
      "thread": "addHot",
    },
    {
      "priority": 2,
      "request": false,
      "thread": "addCold",
    },
    {
      "priority": 3,
      "thread": "mixHotCold",
    },
  ],
  [
    {
      "priority": 1,
      "request": false,
      "thread": "addHot",
    },
    {
      "priority": 2,
      "request": true,
      "selected": "cold",
      "thread": "addCold",
    },
    {
      "priority": 3,
      "thread": "mixHotCold",
    },
  ],
  [
    {
      "priority": 1,
      "request": true,
      "selected": "hot",
      "thread": "addHot",
    },
    {
      "priority": 2,
      "request": false,
      "thread": "addCold",
    },
    {
      "priority": 3,
      "thread": "mixHotCold",
    },
  ],
  [
    {
      "priority": 2,
      "request": true,
      "selected": "cold",
      "thread": "addCold",
    },
    {
      "priority": 3,
      "thread": "mixHotCold",
    },
  ],
]
`;
