// Bun Snapshot v1, https://goo.gl/fbAQLP

exports[`logging 1`] = `
[
  [
    [
      {
        "priority": 1,
        "selected": false,
        "thread": "addHot",
        "type": "hot",
      },
      {
        "blockedBy": "mixHotCold",
        "priority": 2,
        "selected": false,
        "thread": "addCold",
        "type": "cold",
      },
      {
        "priority": 0,
        "selected": true,
        "thread": "start",
        "type": "start",
      },
    ],
    [
      "thread",
      "selected",
      "type",
      "detail",
      "priority",
      "blockedBy",
    ],
  ],
  [
    [
      {
        "priority": 1,
        "selected": true,
        "thread": "addHot",
        "type": "hot",
      },
      {
        "blockedBy": "mixHotCold",
        "priority": 2,
        "selected": false,
        "thread": "addCold",
        "type": "cold",
      },
    ],
    [
      "thread",
      "selected",
      "type",
      "detail",
      "priority",
      "blockedBy",
    ],
  ],
  [
    [
      {
        "priority": 2,
        "selected": true,
        "thread": "addCold",
        "type": "cold",
      },
      {
        "blockedBy": "mixHotCold",
        "priority": 1,
        "selected": false,
        "thread": "addHot",
        "type": "hot",
      },
    ],
    [
      "thread",
      "selected",
      "type",
      "detail",
      "priority",
      "blockedBy",
    ],
  ],
  [
    [
      {
        "priority": 1,
        "selected": true,
        "thread": "addHot",
        "type": "hot",
      },
      {
        "blockedBy": "mixHotCold",
        "priority": 2,
        "selected": false,
        "thread": "addCold",
        "type": "cold",
      },
    ],
    [
      "thread",
      "selected",
      "type",
      "detail",
      "priority",
      "blockedBy",
    ],
  ],
  [
    [
      {
        "priority": 2,
        "selected": true,
        "thread": "addCold",
        "type": "cold",
      },
      {
        "blockedBy": "mixHotCold",
        "priority": 1,
        "selected": false,
        "thread": "addHot",
        "type": "hot",
      },
    ],
    [
      "thread",
      "selected",
      "type",
      "detail",
      "priority",
      "blockedBy",
    ],
  ],
  [
    [
      {
        "priority": 1,
        "selected": true,
        "thread": "addHot",
        "type": "hot",
      },
      {
        "blockedBy": "mixHotCold",
        "priority": 2,
        "selected": false,
        "thread": "addCold",
        "type": "cold",
      },
    ],
    [
      "thread",
      "selected",
      "type",
      "detail",
      "priority",
      "blockedBy",
    ],
  ],
  [
    [
      {
        "priority": 2,
        "selected": true,
        "thread": "addCold",
        "type": "cold",
      },
    ],
    [
      "thread",
      "selected",
      "type",
      "detail",
      "priority",
      "blockedBy",
    ],
  ],
]
`;
