// Bun Snapshot v1, https://bun.sh/docs/test/snapshots

exports[`interrupt should interrupt 1`] = `
[
  {
    "bids": [
      {
        "blockedBy": undefined,
        "detail": undefined,
        "interrupts": undefined,
        "priority": 0,
        "selected": true,
        "source": "trigger",
        "thread": {
          "id": "ing_mnptcgo8lv3",
          "label": "add",
        },
        "type": "add",
      },
    ],
    "kind": "selection",
  },
  {
    "bids": [
      {
        "blockedBy": undefined,
        "detail": undefined,
        "interrupts": undefined,
        "priority": 1,
        "selected": true,
        "source": "request",
        "thread": {
          "id": "bt_mnptcgo8hng",
          "label": "addHot",
        },
        "type": "hot",
      },
    ],
    "kind": "selection",
  },
  {
    "bids": [
      {
        "blockedBy": undefined,
        "detail": undefined,
        "interrupts": undefined,
        "priority": 0,
        "selected": true,
        "source": "trigger",
        "thread": {
          "id": "ing_mnptcgo8nxp",
          "label": "add",
        },
        "type": "add",
      },
    ],
    "kind": "selection",
  },
  {
    "bids": [
      {
        "blockedBy": undefined,
        "detail": undefined,
        "interrupts": undefined,
        "priority": 1,
        "selected": true,
        "source": "request",
        "thread": {
          "id": "bt_mnptcgo8hng",
          "label": "addHot",
        },
        "type": "hot",
      },
    ],
    "kind": "selection",
  },
  {
    "bids": [
      {
        "blockedBy": undefined,
        "detail": undefined,
        "interrupts": {
          "id": "bt_mnptcgo8hng",
          "label": "addHot",
        },
        "priority": 0,
        "selected": true,
        "source": "trigger",
        "thread": {
          "id": "ing_mnptcgo87nm",
          "label": "terminate",
        },
        "type": "terminate",
      },
    ],
    "kind": "selection",
  },
  {
    "bids": [
      {
        "blockedBy": undefined,
        "detail": undefined,
        "interrupts": undefined,
        "priority": 0,
        "selected": true,
        "source": "trigger",
        "thread": {
          "id": "ing_mnptcgo8f1c",
          "label": "add",
        },
        "type": "add",
      },
    ],
    "kind": "selection",
  },
]
`;
