// Bun Snapshot v1, https://bun.sh/docs/test/snapshots

exports[`logging 1`] = `
[
  {
    "bids": [
      {
        "blockedBy": undefined,
        "detail": undefined,
        "interrupts": undefined,
        "priority": 0,
        "selected": true,
        "source": "trigger",
        "thread": {
          "id": "ing_mnptcgoblyg",
          "label": "start",
        },
        "type": "start",
      },
      {
        "blockedBy": undefined,
        "detail": undefined,
        "interrupts": undefined,
        "priority": 1,
        "selected": false,
        "source": "request",
        "thread": {
          "id": "bt_mnptcgobczu",
          "label": "addHot",
        },
        "type": "hot",
      },
      {
        "blockedBy": {
          "id": "bt_mnptcgoba6t",
          "label": "mixHotCold",
        },
        "detail": undefined,
        "interrupts": undefined,
        "priority": 2,
        "selected": false,
        "source": "request",
        "thread": {
          "id": "bt_mnptcgob461",
          "label": "addCold",
        },
        "type": "cold",
      },
    ],
    "kind": "selection",
  },
  {
    "bids": [
      {
        "blockedBy": undefined,
        "detail": undefined,
        "interrupts": undefined,
        "priority": 1,
        "selected": true,
        "source": "request",
        "thread": {
          "id": "bt_mnptcgobczu",
          "label": "addHot",
        },
        "type": "hot",
      },
      {
        "blockedBy": {
          "id": "bt_mnptcgoba6t",
          "label": "mixHotCold",
        },
        "detail": undefined,
        "interrupts": undefined,
        "priority": 2,
        "selected": false,
        "source": "request",
        "thread": {
          "id": "bt_mnptcgob461",
          "label": "addCold",
        },
        "type": "cold",
      },
    ],
    "kind": "selection",
  },
  {
    "bids": [
      {
        "blockedBy": {
          "id": "bt_mnptcgoba6t",
          "label": "mixHotCold",
        },
        "detail": undefined,
        "interrupts": undefined,
        "priority": 1,
        "selected": false,
        "source": "request",
        "thread": {
          "id": "bt_mnptcgobczu",
          "label": "addHot",
        },
        "type": "hot",
      },
      {
        "blockedBy": undefined,
        "detail": undefined,
        "interrupts": undefined,
        "priority": 2,
        "selected": true,
        "source": "request",
        "thread": {
          "id": "bt_mnptcgob461",
          "label": "addCold",
        },
        "type": "cold",
      },
    ],
    "kind": "selection",
  },
  {
    "bids": [
      {
        "blockedBy": undefined,
        "detail": undefined,
        "interrupts": undefined,
        "priority": 1,
        "selected": true,
        "source": "request",
        "thread": {
          "id": "bt_mnptcgobczu",
          "label": "addHot",
        },
        "type": "hot",
      },
      {
        "blockedBy": {
          "id": "bt_mnptcgoba6t",
          "label": "mixHotCold",
        },
        "detail": undefined,
        "interrupts": undefined,
        "priority": 2,
        "selected": false,
        "source": "request",
        "thread": {
          "id": "bt_mnptcgob461",
          "label": "addCold",
        },
        "type": "cold",
      },
    ],
    "kind": "selection",
  },
  {
    "bids": [
      {
        "blockedBy": {
          "id": "bt_mnptcgoba6t",
          "label": "mixHotCold",
        },
        "detail": undefined,
        "interrupts": undefined,
        "priority": 1,
        "selected": false,
        "source": "request",
        "thread": {
          "id": "bt_mnptcgobczu",
          "label": "addHot",
        },
        "type": "hot",
      },
      {
        "blockedBy": undefined,
        "detail": undefined,
        "interrupts": undefined,
        "priority": 2,
        "selected": true,
        "source": "request",
        "thread": {
          "id": "bt_mnptcgob461",
          "label": "addCold",
        },
        "type": "cold",
      },
    ],
    "kind": "selection",
  },
  {
    "bids": [
      {
        "blockedBy": undefined,
        "detail": undefined,
        "interrupts": undefined,
        "priority": 1,
        "selected": true,
        "source": "request",
        "thread": {
          "id": "bt_mnptcgobczu",
          "label": "addHot",
        },
        "type": "hot",
      },
      {
        "blockedBy": {
          "id": "bt_mnptcgoba6t",
          "label": "mixHotCold",
        },
        "detail": undefined,
        "interrupts": undefined,
        "priority": 2,
        "selected": false,
        "source": "request",
        "thread": {
          "id": "bt_mnptcgob461",
          "label": "addCold",
        },
        "type": "cold",
      },
    ],
    "kind": "selection",
  },
  {
    "bids": [
      {
        "blockedBy": undefined,
        "detail": undefined,
        "interrupts": undefined,
        "priority": 2,
        "selected": true,
        "source": "request",
        "thread": {
          "id": "bt_mnptcgob461",
          "label": "addCold",
        },
        "type": "cold",
      },
    ],
    "kind": "selection",
  },
]
`;
