// Bun Snapshot v1, https://bun.sh/docs/test/snapshots

exports[`logging 1`] = `
[
  {
    "bids": [
      {
        "blockedBy": undefined,
        "detail": undefined,
        "interrupts": undefined,
        "priority": 0,
        "selected": true,
        "thread": {
          "label": "Symbol(start)",
        },
        "trigger": true,
        "type": "start",
      },
      {
        "blockedBy": undefined,
        "detail": undefined,
        "interrupts": undefined,
        "priority": 1,
        "selected": false,
        "thread": {
          "label": "addHot",
        },
        "trigger": false,
        "type": "hot",
      },
      {
        "blockedBy": {
          "label": "mixHotCold",
        },
        "detail": undefined,
        "interrupts": undefined,
        "priority": 2,
        "selected": false,
        "thread": {
          "label": "addCold",
        },
        "trigger": false,
        "type": "cold",
      },
    ],
    "kind": "selection",
  },
  {
    "bids": [
      {
        "blockedBy": undefined,
        "detail": undefined,
        "interrupts": undefined,
        "priority": 1,
        "selected": true,
        "thread": {
          "label": "addHot",
        },
        "trigger": false,
        "type": "hot",
      },
      {
        "blockedBy": {
          "label": "mixHotCold",
        },
        "detail": undefined,
        "interrupts": undefined,
        "priority": 2,
        "selected": false,
        "thread": {
          "label": "addCold",
        },
        "trigger": false,
        "type": "cold",
      },
    ],
    "kind": "selection",
  },
  {
    "bids": [
      {
        "blockedBy": {
          "label": "mixHotCold",
        },
        "detail": undefined,
        "interrupts": undefined,
        "priority": 1,
        "selected": false,
        "thread": {
          "label": "addHot",
        },
        "trigger": false,
        "type": "hot",
      },
      {
        "blockedBy": undefined,
        "detail": undefined,
        "interrupts": undefined,
        "priority": 2,
        "selected": true,
        "thread": {
          "label": "addCold",
        },
        "trigger": false,
        "type": "cold",
      },
    ],
    "kind": "selection",
  },
  {
    "bids": [
      {
        "blockedBy": undefined,
        "detail": undefined,
        "interrupts": undefined,
        "priority": 1,
        "selected": true,
        "thread": {
          "label": "addHot",
        },
        "trigger": false,
        "type": "hot",
      },
      {
        "blockedBy": {
          "label": "mixHotCold",
        },
        "detail": undefined,
        "interrupts": undefined,
        "priority": 2,
        "selected": false,
        "thread": {
          "label": "addCold",
        },
        "trigger": false,
        "type": "cold",
      },
    ],
    "kind": "selection",
  },
  {
    "bids": [
      {
        "blockedBy": {
          "label": "mixHotCold",
        },
        "detail": undefined,
        "interrupts": undefined,
        "priority": 1,
        "selected": false,
        "thread": {
          "label": "addHot",
        },
        "trigger": false,
        "type": "hot",
      },
      {
        "blockedBy": undefined,
        "detail": undefined,
        "interrupts": undefined,
        "priority": 2,
        "selected": true,
        "thread": {
          "label": "addCold",
        },
        "trigger": false,
        "type": "cold",
      },
    ],
    "kind": "selection",
  },
  {
    "bids": [
      {
        "blockedBy": undefined,
        "detail": undefined,
        "interrupts": undefined,
        "priority": 1,
        "selected": true,
        "thread": {
          "label": "addHot",
        },
        "trigger": false,
        "type": "hot",
      },
      {
        "blockedBy": {
          "label": "mixHotCold",
        },
        "detail": undefined,
        "interrupts": undefined,
        "priority": 2,
        "selected": false,
        "thread": {
          "label": "addCold",
        },
        "trigger": false,
        "type": "cold",
      },
    ],
    "kind": "selection",
  },
  {
    "bids": [
      {
        "blockedBy": undefined,
        "detail": undefined,
        "interrupts": undefined,
        "priority": 2,
        "selected": true,
        "thread": {
          "label": "addCold",
        },
        "trigger": false,
        "type": "cold",
      },
    ],
    "kind": "selection",
  },
]
`;
