export const snapshot = {};

snapshot[`Island.template: shadow only 1`] = `'<z-el><template shadowrootmode="open" shadowrootdelegatesfocus="true"><div><h1>header</h1></div></template></z-el>'`;

snapshot[`Island.template: shadow and id 1`] = `'<z-el><template shadowrootmode="open" shadowrootdelegatesfocus="true"><div id="random"><h1>header</h1></div></template></z-el>'`;

snapshot[`Island.template: shadow, and mode closed 1`] = `'<z-el><template shadowrootmode="closed" shadowrootdelegatesfocus="true"><div><h1>header</h1></div></template></z-el>'`;

snapshot[`Island.template: shadow, and slots 1`] = `'<z-el><template shadowrootmode="open" shadowrootdelegatesfocus="true"><div><h1>header</h1><slot name="slot"></slot></div></template><div slot="slot">slotted</div></z-el>'`;

snapshot[`Island.template: styles string 1`] = `'<z-el styles=".h1 { color: red}"><template shadowrootmode="open" shadowrootdelegatesfocus="true"><div><h1>header</h1></div></template></z-el>'`;
