export const snapshot = {};

snapshot[`Setup > setup: required 1`] = `"/home/irby/Workspace/plaited/libs/workshop/tests/__tmp__/setup/docker-compose.yml"`;

snapshot[`Setup > setup: required 2`] = `"/home/irby/Workspace/plaited/libs/workshop/tests/__tmp__/setup/Dockerfile"`;

snapshot[`Setup > setup: required 3`] = `"/home/irby/Workspace/plaited/libs/workshop/tests/__tmp__/setup/.gitignore"`;

snapshot[`Setup > setup: required 4`] = `"/home/irby/Workspace/plaited/libs/workshop/tests/__tmp__/setup/package.json"`;

snapshot[`Setup > setup: required 5`] = `"/home/irby/Workspace/plaited/libs/workshop/tests/__tmp__/setup/playwright.config.ts"`;

snapshot[`Setup > setup: required 6`] = `"/home/irby/Workspace/plaited/libs/workshop/tests/__tmp__/setup/.yarnrc.yml"`;

snapshot[`Setup > setup: optional 1`] = `"/home/irby/Workspace/plaited/libs/workshop/tests/__tmp__/setup/docker-compose.yml"`;

snapshot[`Setup > setup: optional 2`] = `"/home/irby/Workspace/plaited/libs/workshop/tests/__tmp__/setup/Dockerfile"`;

snapshot[`Setup > setup: optional 3`] = `"/home/irby/Workspace/plaited/libs/workshop/tests/__tmp__/setup/.gitignore"`;

snapshot[`Setup > setup: optional 4`] = `"/home/irby/Workspace/plaited/libs/workshop/tests/__tmp__/setup/package.json"`;

snapshot[`Setup > setup: optional 5`] = `"/home/irby/Workspace/plaited/libs/workshop/tests/__tmp__/setup/playwright.config.ts"`;

snapshot[`Setup > setup: optional 6`] = `"/home/irby/Workspace/plaited/libs/workshop/tests/__tmp__/setup/.yarnrc.yml"`;
