export const snapshot = {};

snapshot[`Write > build 1`] = `
{
  "/components-button--basic-button": Response {
  body: ReadableStream { locked: false },
  bodyUsed: false,
  headers: Headers { "content-type": "text/html" },
  ok: true,
  redirected: false,
  status: 200,
  statusText: "",
  url: ""
},
  "/components-button--basic-button.include": [Function: /components-button--basic-button.include],
  "/components-number-field--number-field-basic": Response {
  body: ReadableStream { locked: false },
  bodyUsed: false,
  headers: Headers { "content-type": "text/html" },
  ok: true,
  redirected: false,
  status: 200,
  statusText: "",
  url: ""
},
  "/components-number-field--number-field-basic.include": [Function: /components-number-field--number-field-basic.include],
}
`;
