export const snapshot = {};

snapshot[`Write > build 1`] = `\`<!DOCTYPE html><html lang="en"><head><meta charset="UTF-8"><meta http-equiv="X-UA-Compatible" content="IE=edge"><meta name="viewport" content="width=device-width, initial-scale=1.0"><script type="module" async>import "/.registries/plaited-chat-ui.js"; import "/.registries/plaited-fixture.js"; import "/.registries/number-field.island.js"; import "/.registries/example-button.island.js";</script></head><body><number-field><template shadowroot="open"><style></style><input type='text' value="100" id="input" min="10" max="100" ref={ref} /></template></number-field><script type="text/javascript">const source = new EventSource('/livereload'); const reload = () =>location.reload(true); source.onmessage = reload; source.onerror = () =>(source.onopen = reload); console.log('[plaited] listening for file changes');</script></body></html>\``;

snapshot[`Write > build 2`] = `\`<number-field><template shadowroot="open"><style></style><input type='text' value="100" id="input" min="10" max="100" ref={ref} /></template></number-field>\``;

snapshot[`Write > build 3`] = `\`<!DOCTYPE html><html lang="en"><head><meta charset="UTF-8"><meta http-equiv="X-UA-Compatible" content="IE=edge"><meta name="viewport" content="width=device-width, initial-scale=1.0"><script type="module" async>import "/.registries/plaited-chat-ui.js"; import "/.registries/plaited-fixture.js"; import "/.registries/number-field.island.js"; import "/.registries/example-button.island.js";</script></head><body><plaited-fixture><template shadowroot="open"><style></style><button type="submit">basic</button></template></plaited-fixture><script type="text/javascript">const source = new EventSource('/livereload'); const reload = () =>location.reload(true); source.onmessage = reload; source.onerror = () =>(source.onopen = reload); console.log('[plaited] listening for file changes');</script></body></html>\``;

snapshot[`Write > build 4`] = `'<plaited-fixture><template shadowroot="open"><style></style><button type="submit">basic</button></template></plaited-fixture>'`;
