// Bun Snapshot v1, https://bun.sh/docs/test/snapshots

exports[`createHostStyles: supports simple rules 1`] = `
{
  "stylesheets": [
    ":host{font-size:16px;}",
    ":host{line-height:1.5;}",
    ":host{color:rgb(60,60,60);}",
  ],
}
`;

exports[`createHostStyles: supports custom props 1`] = `
{
  "stylesheets": [
    ":host{--customColor:red;}",
    ":host{--custom-color:red;}",
  ],
}
`;

exports[`createHostStyles: supports pseudo-classes 1`] = `
{
  "stylesheets": [
    ":host{background-color:lightblue;}",
    ":host{:hover{background-color:blue;}}",
    ":host{:active{background-color:darkblue;}}",
  ],
}
`;

exports[`createHostStyles: supports pseudo-elements 1`] = `
{
  "stylesheets": [
    ":host{::placeholder{color:#999;}}",
  ],
}
`;

exports[`createHostStyles: supports media query 1`] = `
{
  "stylesheets": [
    ":host{width:800;}",
    ":host{@media (max-width: 800px){width:100%;}}",
    ":host{@media (min-width: 1540px){width:1366;}}",
  ],
}
`;

exports[`createHostStyles: supports complex rules 1`] = `
{
  "stylesheets": [
    ":host{color:var(--blue-link);}",
    ":host(:hover){@media (hover: hover){color:scale(1.1);}}",
    ":host(:active){color:scale(0.9);}",
  ],
}
`;

exports[`createHostStyles: works with JSX via spread operator 1`] = `
{
  "$": "🦄",
  "html": [
    "<button ",
    ">",
    "</button>",
  ],
  "registry": [],
  "stylesheets": [
    ":host{color:red;}",
    ":host{[part="S1"]{color:blue;}}",
    ":host($default){color:var(--blue-link);}",
    ":host(:hover){@media (hover: hover){color:scale(1.1);}}",
    ":host(:active){color:scale(0.9);}",
  ],
}
`;
