// Bun Snapshot v1, https://bun.sh/docs/test/snapshots

exports[`createStyles: supports simple rules 1`] = `
{
  "classNames": [
    "simpleRules",
    "cls_25qmty8",
    "cls_19dymlw",
    "cls_2uxvkjr",
  ],
  "stylesheets": [
    ".cls_25qmty8{font-size:16px;}",
    ".cls_19dymlw{line-height:1.5;}",
    ".cls_2uxvkjr{color:rgb(60,60,60);}",
  ],
}
`;

exports[`createStyles: supports custom props 1`] = `
{
  "classNames": [
    "customProps",
    "cls_u51u3j",
    "cls_2eax236",
  ],
  "stylesheets": [
    ".cls_u51u3j{--customColor:red;}",
    ".cls_2eax236{--custom-color:red;}",
  ],
}
`;

exports[`createStyles: supports pseudo-classes 1`] = `
{
  "classNames": [
    "pseudoClass",
    "cls_2x0itcu",
    "cls_38celjy",
    "cls_hlr7gc",
  ],
  "stylesheets": [
    ".cls_2x0itcu{background-color:lightblue;}",
    ".cls_38celjy{&:hover{background-color:blue;}}",
    ".cls_hlr7gc{&:active{background-color:darkblue;}}",
  ],
}
`;

exports[`createStyles: supports pseudo-elements 1`] = `
{
  "classNames": [
    "pseudoElement",
    "cls_2xqoorw",
  ],
  "stylesheets": [
    ".cls_2xqoorw{&::placeholder{color:#999;}}",
  ],
}
`;

exports[`createStyles: supports media query 1`] = `
{
  "classNames": [
    "mediaQuery",
    "cls_1r3xy2y",
    "cls_1w5xhcu",
    "cls_35z1h0o",
  ],
  "stylesheets": [
    ".cls_1r3xy2y{width:800;}",
    ".cls_1w5xhcu{@media (max-width: 800px){width:100%;}}",
    ".cls_35z1h0o{@media (min-width: 1540px){width:1366;}}",
  ],
}
`;

exports[`createStyles: supports complex rules 1`] = `
{
  "classNames": [
    "button",
    "cls_2ix8wso",
    "cls_yf57wf",
    "cls_2164cwl",
  ],
  "stylesheets": [
    ".cls_2ix8wso{color:var(--blue-link);}",
    ".cls_yf57wf{&:hover{@media (hover: hover){color:scale(1.1);}}}",
    ".cls_2164cwl{&:active{color:scale(0.9);}}",
  ],
}
`;

exports[`createStyles: works with JSX via spread operator 1`] = `
{
  "$": "🦄",
  "html": [
    "<button ",
    "class="button cls_2ix8wso cls_yf57wf cls_2164cwl" ",
    ">",
    "</button>",
  ],
  "registry": [],
  "stylesheets": [
    ".cls_2ix8wso{color:var(--blue-link);}",
    ".cls_yf57wf{&:hover{@media (hover: hover){color:scale(1.1);}}}",
    ".cls_2164cwl{&:active{color:scale(0.9);}}",
  ],
}
`;
